<html>
<body>
<pre>
<h1>µVision Build Log</h1>
<h2>Project:</h2>
F:\ES LAB\LAB\LED.uvproj
Project File Date:  02/05/2019

<h2>Output:</h2>
Build target 'Target 1'
linking...
Program Size: Code=1164 RO-data=32 RW-data=4 ZI-data=1124  
".\LED.axf" - 0 Error(s), 0 Warning(s).
</pre>
</body>
</html>
tackheap multiply defined (by startup.o and startup_tm4c123.o).
.\LED.axf: Error: L6200E: Symbol __Vectors multiply defined (by startup.o and startup_tm4c123.o).
.\LED.axf: Error: L6200E: Symbol NMI_Handler multiply defined (by startup.o and startup_tm4c123.o).
.\LED.axf: Error: L6200E: Symbol HardFault_Handler multiply defined (by startup.o and startup_tm4c123.o).
.\LED.axf: Error: L6200E: Symbol MemManage_Handler multiply defined (by startup.o and startup_tm4c123.o).
.\LED.axf: Error: L6200E: Symbol BusFault_Handler multiply defined (by startup.o and startup_tm4c123.o).
.\LED.axf: Error: L6200E: Symbol UsageFault_Handler multiply defined (by startup.o and startup_tm4c123.o).
.\LED.axf: Error: L6200E: Symbol SVC_Handler multiply defined (by startup.o and startup_tm4c123.o).
.\LED.axf: Error: L6200E: Symbol DebugMon_Handler multiply defined (by startup.o and startup_tm4c123.o).
.\LED.axf: Error: L6200E: Symbol PendSV_Handler multiply defined (by startup.o and startup_tm4c123.o).
.\LED.axf: Error: L6200E: Symbol SysTick_Handler multiply defined (by startup.o and startup_tm4c123.o).
.\LED.axf: Error: L6200E: Symbol UART0_Handler multiply defined (by startup.o and startup_tm4c123.o).
.\LED.axf: Error: L6200E: Symbol UART1_Handler multiply defined (by startup.o and startup_tm4c123.o).
.\LED.axf: Error: L6200E: Symbol SSI0_Handler multiply defined (by startup.o and startup_tm4c123.o).
.\LED.axf: Error: L6200E: Symbol I2C0_Handler multiply defined (by startup.o and startup_tm4c123.o).
.\LED.axf: Error: L6200E: Symbol UART2_Handler multiply defined (by startup.o and startup_tm4c123.o).
.\LED.axf: Error: L6200E: Symbol SSI1_Handler multiply defined (by startup.o and startup_tm4c123.o).
.\LED.axf: Error: L6200E: Symbol I2C1_Handler multiply defined (by startup.o and startup_tm4c123.o).
.\LED.axf: Error: L6200E: Symbol CAN0_Handler multiply defined (by startup.o and startup_tm4c123.o).
.\LED.axf: Error: L6200E: Symbol CAN1_Handler multiply defined (by startup.o and startup_tm4c123.o).
.\LED.axf: Error: L6200E: Symbol CAN2_Handler multiply defined (by startup.o and startup_tm4c123.o).
.\LED.axf: Error: L6200E: Symbol USB0_Handler multiply defined (by startup.o and startup_tm4c123.o).
.\LED.axf: Error: L6200E: Symbol SSI2_Handler multiply defined (by startup.o and startup_tm4c123.o).
.\LED.axf: Error: L6200E: Symbol SSI3_Handler multiply defined (by startup.o and startup_tm4c123.o).
.\LED.axf: Error: L6200E: Symbol UART3_Handler multiply defined (by startup.o and startup_tm4c123.o).
.\LED.axf: Error: L6200E: Symbol UART4_Handler multiply defined (by startup.o and startup_tm4c123.o).
.\LED.axf: Error: L6200E: Symbol UART5_Handler multiply defined (by startup.o and startup_tm4c123.o).
.\LED.axf: Error: L6200E: Symbol UART6_Handler multiply defined (by startup.o and startup_tm4c123.o).
.\LED.axf: Error: L6200E: Symbol UART7_Handler multiply defined (by startup.o and startup_tm4c123.o).
.\LED.axf: Error: L6200E: Symbol I2C2_Handler multiply defined (by startup.o and startup_tm4c123.o).
.\LED.axf: Error: L6200E: Symbol I2C3_Handler multiply defined (by startup.o and startup_tm4c123.o).
.\LED.axf: Error: L6200E: Symbol FPU_Handler multiply defined (by startup.o and startup_tm4c123.o).
.\LED.axf: Error: L6200E: Symbol I2C4_Handler multiply defined (by startup.o and startup_tm4c123.o).
.\LED.axf: Error: L6200E: Symbol I2C5_Handler multiply defined (by startup.o and startup_tm4c123.o).
Not enough information to list image symbols.
Not enough information to list the image map.
Finished: 2 information, 0 warning and 34 error messages.
".\LED.axf" - 34 Error(s), 0 Warning(s).
Target not created
compiling main.c...
"main.c" - 0 Error(s), 0 Warning(s).
